// Vitest Snapshot v1, https://vitest.dev/guide/snapshot.html

exports[`calc 3 angles on the 360 deg circle with correction = 1 > result is equal to snapshot 1`] = `
[
  {
    "arrowAngle": 136,
    "inAngle": 162,
    "labelAngle": 150,
    "labelId": 0,
    "outAngle": 138,
  },
  {
    "arrowAngle": 256,
    "inAngle": 282,
    "labelAngle": 270,
    "labelId": 1,
    "outAngle": 258,
  },
  {
    "arrowAngle": 376,
    "inAngle": 402,
    "labelAngle": 390,
    "labelId": 2,
    "outAngle": 378,
  },
]
`;

exports[`calc 9 angles on the 360 deg circle with correction = 1 > result is equal to snapshot 1`] = `
[
  {
    "arrowAngle": 104,
    "inAngle": 114,
    "labelAngle": 110,
    "labelId": 0,
    "outAngle": 106,
  },
  {
    "arrowAngle": 144,
    "inAngle": 154,
    "labelAngle": 150,
    "labelId": 1,
    "outAngle": 146,
  },
  {
    "arrowAngle": 184,
    "inAngle": 194,
    "labelAngle": 190,
    "labelId": 2,
    "outAngle": 186,
  },
  {
    "arrowAngle": 224,
    "inAngle": 234,
    "labelAngle": 230,
    "labelId": 3,
    "outAngle": 226,
  },
  {
    "arrowAngle": 264,
    "inAngle": 274,
    "labelAngle": 270,
    "labelId": 4,
    "outAngle": 266,
  },
  {
    "arrowAngle": 304,
    "inAngle": 314,
    "labelAngle": 310,
    "labelId": 5,
    "outAngle": 306,
  },
  {
    "arrowAngle": 344,
    "inAngle": 354,
    "labelAngle": 350,
    "labelId": 6,
    "outAngle": 346,
  },
  {
    "arrowAngle": 384,
    "inAngle": 394,
    "labelAngle": 390,
    "labelId": 7,
    "outAngle": 386,
  },
  {
    "arrowAngle": 424,
    "inAngle": 434,
    "labelAngle": 430,
    "labelId": 8,
    "outAngle": 426,
  },
]
`;

exports[`calc 18 angles on the 360 deg circle with correction = 1 > result is equal to snapshot 1`] = `
[
  {
    "arrowAngle": 96,
    "inAngle": 102,
    "labelAngle": 100,
    "labelId": 0,
    "outAngle": 98,
  },
  {
    "arrowAngle": 116,
    "inAngle": 122,
    "labelAngle": 120,
    "labelId": 1,
    "outAngle": 118,
  },
  {
    "arrowAngle": 136,
    "inAngle": 142,
    "labelAngle": 140,
    "labelId": 2,
    "outAngle": 138,
  },
  {
    "arrowAngle": 156,
    "inAngle": 162,
    "labelAngle": 160,
    "labelId": 3,
    "outAngle": 158,
  },
  {
    "arrowAngle": 176,
    "inAngle": 182,
    "labelAngle": 180,
    "labelId": 4,
    "outAngle": 178,
  },
  {
    "arrowAngle": 196,
    "inAngle": 202,
    "labelAngle": 200,
    "labelId": 5,
    "outAngle": 198,
  },
  {
    "arrowAngle": 216,
    "inAngle": 222,
    "labelAngle": 220,
    "labelId": 6,
    "outAngle": 218,
  },
  {
    "arrowAngle": 236,
    "inAngle": 242,
    "labelAngle": 240,
    "labelId": 7,
    "outAngle": 238,
  },
  {
    "arrowAngle": 256,
    "inAngle": 262,
    "labelAngle": 260,
    "labelId": 8,
    "outAngle": 258,
  },
  {
    "arrowAngle": 276,
    "inAngle": 282,
    "labelAngle": 280,
    "labelId": 9,
    "outAngle": 278,
  },
  {
    "arrowAngle": 296,
    "inAngle": 302,
    "labelAngle": 300,
    "labelId": 10,
    "outAngle": 298,
  },
  {
    "arrowAngle": 316,
    "inAngle": 322,
    "labelAngle": 320,
    "labelId": 11,
    "outAngle": 318,
  },
  {
    "arrowAngle": 336,
    "inAngle": 342,
    "labelAngle": 340,
    "labelId": 12,
    "outAngle": 338,
  },
  {
    "arrowAngle": 356,
    "inAngle": 362,
    "labelAngle": 360,
    "labelId": 13,
    "outAngle": 358,
  },
  {
    "arrowAngle": 376,
    "inAngle": 382,
    "labelAngle": 380,
    "labelId": 14,
    "outAngle": 378,
  },
  {
    "arrowAngle": 396,
    "inAngle": 402,
    "labelAngle": 400,
    "labelId": 15,
    "outAngle": 398,
  },
  {
    "arrowAngle": 416,
    "inAngle": 422,
    "labelAngle": 420,
    "labelId": 16,
    "outAngle": 418,
  },
  {
    "arrowAngle": 436,
    "inAngle": 442,
    "labelAngle": 440,
    "labelId": 17,
    "outAngle": 438,
  },
]
`;

exports[`calc 36 angles on the 360 deg circle with correction = 1 > result is equal to snapshot 1`] = `
[
  {
    "arrowAngle": 92,
    "inAngle": 96,
    "labelAngle": 95,
    "labelId": 0,
    "outAngle": 94,
  },
  {
    "arrowAngle": 102,
    "inAngle": 106,
    "labelAngle": 105,
    "labelId": 1,
    "outAngle": 104,
  },
  {
    "arrowAngle": 112,
    "inAngle": 116,
    "labelAngle": 115,
    "labelId": 2,
    "outAngle": 114,
  },
  {
    "arrowAngle": 122,
    "inAngle": 126,
    "labelAngle": 125,
    "labelId": 3,
    "outAngle": 124,
  },
  {
    "arrowAngle": 132,
    "inAngle": 136,
    "labelAngle": 135,
    "labelId": 4,
    "outAngle": 134,
  },
  {
    "arrowAngle": 142,
    "inAngle": 146,
    "labelAngle": 145,
    "labelId": 5,
    "outAngle": 144,
  },
  {
    "arrowAngle": 152,
    "inAngle": 156,
    "labelAngle": 155,
    "labelId": 6,
    "outAngle": 154,
  },
  {
    "arrowAngle": 162,
    "inAngle": 166,
    "labelAngle": 165,
    "labelId": 7,
    "outAngle": 164,
  },
  {
    "arrowAngle": 172,
    "inAngle": 176,
    "labelAngle": 175,
    "labelId": 8,
    "outAngle": 174,
  },
  {
    "arrowAngle": 182,
    "inAngle": 186,
    "labelAngle": 185,
    "labelId": 9,
    "outAngle": 184,
  },
  {
    "arrowAngle": 192,
    "inAngle": 196,
    "labelAngle": 195,
    "labelId": 10,
    "outAngle": 194,
  },
  {
    "arrowAngle": 202,
    "inAngle": 206,
    "labelAngle": 205,
    "labelId": 11,
    "outAngle": 204,
  },
  {
    "arrowAngle": 212,
    "inAngle": 216,
    "labelAngle": 215,
    "labelId": 12,
    "outAngle": 214,
  },
  {
    "arrowAngle": 222,
    "inAngle": 226,
    "labelAngle": 225,
    "labelId": 13,
    "outAngle": 224,
  },
  {
    "arrowAngle": 232,
    "inAngle": 236,
    "labelAngle": 235,
    "labelId": 14,
    "outAngle": 234,
  },
  {
    "arrowAngle": 242,
    "inAngle": 246,
    "labelAngle": 245,
    "labelId": 15,
    "outAngle": 244,
  },
  {
    "arrowAngle": 252,
    "inAngle": 256,
    "labelAngle": 255,
    "labelId": 16,
    "outAngle": 254,
  },
  {
    "arrowAngle": 262,
    "inAngle": 266,
    "labelAngle": 265,
    "labelId": 17,
    "outAngle": 264,
  },
  {
    "arrowAngle": 272,
    "inAngle": 276,
    "labelAngle": 275,
    "labelId": 18,
    "outAngle": 274,
  },
  {
    "arrowAngle": 282,
    "inAngle": 286,
    "labelAngle": 285,
    "labelId": 19,
    "outAngle": 284,
  },
  {
    "arrowAngle": 292,
    "inAngle": 296,
    "labelAngle": 295,
    "labelId": 20,
    "outAngle": 294,
  },
  {
    "arrowAngle": 302,
    "inAngle": 306,
    "labelAngle": 305,
    "labelId": 21,
    "outAngle": 304,
  },
  {
    "arrowAngle": 312,
    "inAngle": 316,
    "labelAngle": 315,
    "labelId": 22,
    "outAngle": 314,
  },
  {
    "arrowAngle": 322,
    "inAngle": 326,
    "labelAngle": 325,
    "labelId": 23,
    "outAngle": 324,
  },
  {
    "arrowAngle": 332,
    "inAngle": 336,
    "labelAngle": 335,
    "labelId": 24,
    "outAngle": 334,
  },
  {
    "arrowAngle": 342,
    "inAngle": 346,
    "labelAngle": 345,
    "labelId": 25,
    "outAngle": 344,
  },
  {
    "arrowAngle": 352,
    "inAngle": 356,
    "labelAngle": 355,
    "labelId": 26,
    "outAngle": 354,
  },
  {
    "arrowAngle": 362,
    "inAngle": 366,
    "labelAngle": 365,
    "labelId": 27,
    "outAngle": 364,
  },
  {
    "arrowAngle": 372,
    "inAngle": 376,
    "labelAngle": 375,
    "labelId": 28,
    "outAngle": 374,
  },
  {
    "arrowAngle": 382,
    "inAngle": 386,
    "labelAngle": 385,
    "labelId": 29,
    "outAngle": 384,
  },
  {
    "arrowAngle": 392,
    "inAngle": 396,
    "labelAngle": 395,
    "labelId": 30,
    "outAngle": 394,
  },
  {
    "arrowAngle": 402,
    "inAngle": 406,
    "labelAngle": 405,
    "labelId": 31,
    "outAngle": 404,
  },
  {
    "arrowAngle": 412,
    "inAngle": 416,
    "labelAngle": 415,
    "labelId": 32,
    "outAngle": 414,
  },
  {
    "arrowAngle": 422,
    "inAngle": 426,
    "labelAngle": 425,
    "labelId": 33,
    "outAngle": 424,
  },
  {
    "arrowAngle": 432,
    "inAngle": 436,
    "labelAngle": 435,
    "labelId": 34,
    "outAngle": 434,
  },
  {
    "arrowAngle": 442,
    "inAngle": 446,
    "labelAngle": 445,
    "labelId": 35,
    "outAngle": 444,
  },
]
`;
